// Jest Snapshot v1, https://goo.gl/fbAQLP

exports[`<CartCount /> matches snapshot 1`] = `
<div>
  <span
    class="sc-gsTDqH WQfJr"
  >
    <div>
      <div
        class="sc-bdfCDU iBUbSz count"
      >
        12
      </div>
    </div>
  </span>
</div>
`;
