// Jest Snapshot v1, https://goo.gl/fbAQLP

exports[`<CreateProduct/> renders and matches snapshot 1`] = `
<div>
  <form
    class="sc-bdfCDU cdIIGl"
  >
    <fieldset
      aria-busy="false"
    >
      <label
        for="image"
      >
        Image
        <input
          id="image"
          name="image"
          required=""
          type="file"
        />
      </label>
      <label
        for="name"
      >
        Name
        <input
          id="name"
          name="name"
          placeholder="name"
          required=""
          type="text"
          value=""
        />
      </label>
      <label
        for="price"
      >
        Price
        <input
          id="price"
          name="price"
          placeholder="0"
          required=""
          type="number"
          value=""
        />
      </label>
      <label
        for="description"
      >
        Description
        <textarea
          id="description"
          name="description"
          placeholder="description"
        />
      </label>
      <div
        class="button-container"
      >
        <button
          type="button"
        >
          Clear Form
        </button>
        <button
          type="button"
        >
          + Add Product
        </button>
      </div>
    </fieldset>
  </form>
</div>
`;
