// Jest Snapshot v1, https://goo.gl/fbAQLP

exports[`<SignUp /> renders and matches the snapshot 1`] = `
<div>
  <form
    class="sc-bdfCDU cdIIGl"
    method="POST"
  >
    <h2>
      Sign Up for Your Account
    </h2>
    <fieldset
      aria-busy="false"
    >
      <label
        for="email"
      >
        Email
        <input
          autocomplete="email"
          name="email"
          placeholder="Your Email"
          type="email"
          value=""
        />
      </label>
      <label
        for="name"
      >
        Name
        <input
          autocomplete="name"
          id="name"
          name="name"
          placeholder="Your Name"
          type="name"
          value=""
        />
      </label>
      <label
        for="password"
      >
        Password
        <input
          autocomplete="password"
          data-testid="password"
          id="password"
          name="password"
          placeholder="Your Password"
          type="password"
          value=""
        />
      </label>
      <button
        type="submit"
      >
        Sign Up
      </button>
    </fieldset>
  </form>
</div>
`;
