// Jest Snapshot v1, https://goo.gl/fbAQLP

exports[`<SingleProduct /> renders with correct data 1`] = `
<div>
  <section
    class="sc-gsTDqH llXjTR"
    data-testid="single-product"
  >
    <img
      alt="dogs are best"
      src="dog.jpg"
    />
    <div
      class="details"
    >
      <h2>
        dogs are best
      </h2>
      <p>
        dogs
      </p>
    </div>
  </section>
</div>
`;
